2025-06-04 11:58:50,859 - INFO - Starting real-time Facebook comments fetcher...
2025-06-04 11:58:52,268 - INFO - API connection test successful
2025-06-04 11:58:53,441 - INFO - Successfully fetched post description: complient
2025-06-04 11:58:53,441 - INFO - Checking for new comments at 2025-06-04 06:28:53
2025-06-04 11:58:54,709 - INFO - Fetched 13 new comments
2025-06-04 11:58:54,742 - INFO - Saved 13 new comments to D:\Collectrate Internship\comments\facebook_comments_data.xlsx
2025-06-04 11:58:54,743 - INFO - Saved state with last comment ID: 122110299680881712_1396671478236496, time: 2025-06-04 05:58:30, post description: complient...
2025-06-04 11:58:54,744 - INFO - Updated state with new last comment ID: 122110299680881712_1396671478236496, time: 2025-06-04 05:58:30
2025-06-04 11:58:54,744 - INFO - Waiting 5 seconds for next check...
2025-06-04 11:58:59,745 - INFO - Checking for new comments at 2025-06-04 06:28:59
2025-06-04 11:58:59,747 - INFO - Parsed last_comment_time as non-timezone format: 2025-06-04 05:58:30
2025-06-04 11:59:00,871 - INFO - Fetched 1 new comments
2025-06-04 11:59:00,891 - INFO - No new comments after duplicate check
2025-06-04 11:59:00,892 - INFO - Waiting 5 seconds for next check...
2025-06-04 11:59:05,893 - INFO - Checking for new comments at 2025-06-04 06:29:05
2025-06-04 11:59:05,893 - INFO - Parsed last_comment_time as non-timezone format: 2025-06-04 05:58:30
2025-06-04 11:59:07,047 - INFO - Fetched 1 new comments
2025-06-04 11:59:07,055 - INFO - No new comments after duplicate check
2025-06-04 11:59:07,055 - INFO - Waiting 5 seconds for next check...
2025-06-04 11:59:12,057 - INFO - Checking for new comments at 2025-06-04 06:29:12
2025-06-04 11:59:12,057 - INFO - Parsed last_comment_time as non-timezone format: 2025-06-04 05:58:30
2025-06-04 11:59:13,100 - INFO - Fetched 1 new comments
2025-06-04 11:59:13,108 - INFO - No new comments after duplicate check
2025-06-04 11:59:13,108 - INFO - Waiting 5 seconds for next check...
2025-06-04 11:59:18,109 - INFO - Checking for new comments at 2025-06-04 06:29:18
2025-06-04 11:59:18,110 - INFO - Parsed last_comment_time as non-timezone format: 2025-06-04 05:58:30
2025-06-04 11:59:19,229 - INFO - Fetched 1 new comments
2025-06-04 11:59:19,238 - INFO - No new comments after duplicate check
2025-06-04 11:59:19,238 - INFO - Waiting 5 seconds for next check...
2025-06-04 11:59:24,239 - INFO - Checking for new comments at 2025-06-04 06:29:24
2025-06-04 11:59:24,240 - INFO - Parsed last_comment_time as non-timezone format: 2025-06-04 05:58:30
2025-06-04 11:59:26,828 - INFO - Fetched 1 new comments
2025-06-04 11:59:26,836 - INFO - No new comments after duplicate check
2025-06-04 11:59:26,837 - INFO - Waiting 5 seconds for next check...
2025-06-04 11:59:31,838 - INFO - Checking for new comments at 2025-06-04 06:29:31
2025-06-04 11:59:31,839 - INFO - Parsed last_comment_time as non-timezone format: 2025-06-04 05:58:30
2025-06-04 11:59:33,744 - INFO - Fetched 1 new comments
2025-06-04 11:59:33,752 - INFO - No new comments after duplicate check
2025-06-04 11:59:33,752 - INFO - Waiting 5 seconds for next check...
2025-06-04 11:59:38,754 - INFO - Checking for new comments at 2025-06-04 06:29:38
2025-06-04 11:59:38,754 - INFO - Parsed last_comment_time as non-timezone format: 2025-06-04 05:58:30
2025-06-04 11:59:40,113 - INFO - Fetched 1 new comments
2025-06-04 11:59:40,121 - INFO - No new comments after duplicate check
2025-06-04 11:59:40,122 - INFO - Waiting 5 seconds for next check...
2025-06-04 11:59:45,123 - INFO - Checking for new comments at 2025-06-04 06:29:45
2025-06-04 11:59:45,123 - INFO - Parsed last_comment_time as non-timezone format: 2025-06-04 05:58:30
2025-06-04 11:59:46,258 - INFO - Fetched 1 new comments
2025-06-04 11:59:46,266 - INFO - No new comments after duplicate check
2025-06-04 11:59:46,266 - INFO - Waiting 5 seconds for next check...
2025-06-04 11:59:51,267 - INFO - Checking for new comments at 2025-06-04 06:29:51
2025-06-04 11:59:51,268 - INFO - Parsed last_comment_time as non-timezone format: 2025-06-04 05:58:30
2025-06-04 11:59:52,359 - INFO - Fetched 1 new comments
2025-06-04 11:59:52,366 - INFO - No new comments after duplicate check
2025-06-04 11:59:52,366 - INFO - Waiting 5 seconds for next check...
2025-06-04 11:59:55,552 - INFO - 
Stopping comment fetcher...
